0 verbose cli C:\Program Files\nodejs\node.exe C:\Program Files\nodejs\node_modules\npm\bin\npm-cli.js
1 info using npm@11.17.0
2 info using node@v24.19.0
3 silly config load:file:C:\Program Files\nodejs\node_modules\npm\npmrc
4 silly config load:file:D:\Projects\Ucrm\.npmrc
5 silly config load:file:C:\Users\Jafar Khan\.npmrc
6 silly config load:file:C:\Users\Jafar Khan\AppData\Roaming\npm\etc\npmrc
7 verbose title npm exec supabase@2.113.0 migration list --linked
8 verbose argv "exec" "--yes" "--cache" "tmp\\supabase-npm-cache" "--" "supabase@2.113.0" "migration" "list" "--linked"
9 verbose logfile logs-max:10 dir:D:\Projects\Ucrm\tmp\supabase-npm-cache\_logs\2026-08-09T04_20_04_654Z-
10 verbose logfile D:\Projects\Ucrm\tmp\supabase-npm-cache\_logs\2026-08-09T04_20_04_654Z-debug-0.log
11 silly logfile done cleaning log files
12 silly packumentCache heap:4496293888 maxSize:1124073472 maxEntrySize:562036736
13 http fetch GET 200 https://registry.npmjs.org/supabase 67ms (cache revalidated)
14 silly packumentCache heap:4496293888 maxSize:1124073472 maxEntrySize:562036736
15 silly packumentCache heap:4496293888 maxSize:1124073472 maxEntrySize:562036736
16 verbose cwd D:\Projects\Ucrm
17 verbose os Windows_NT 10.0.19045
18 verbose node v24.19.0
19 verbose npm  v11.17.0
20 verbose exit 1
21 verbose code 1
